// Vitest Snapshot v1, https://vitest.dev/guide/snapshot.html

exports[`should match snapshot 1`] = `
<div>
  <div
    class="flex flex-col gap-4 justify-center items-center mt-[-100px]"
  >
    <h1>
      Join Real Time Quiz
    </h1>
    <form
      class="flex flex-col gap-4"
    >
      <input
        class="rounded-lg text-violet-900 px-4 py-2 text-2xl bg-white focus:outline-none"
        name="name"
        placeholder="Enter your name"
        type="text"
      />
      <div
        class="relative"
      >
        <input
          class="rounded-lg text-violet-900 px-4 py-2 text-2xl bg-white focus:outline-none"
          name="roomId"
          placeholder="Enter a quiz ID"
          type="text"
        />
      </div>
      <button
        class="bg-violet-600 hover:bg-violet-500 text-white mt-2 outline-0"
        type="submit"
      >
        JOIN
      </button>
    </form>
  </div>
</div>
`;
